// Jest Snapshot v1, https://goo.gl/fbAQLP

exports[`AbstractFormControlComponent should match the snapshot 1`] = `
<app-test
  ngControl={[Function Object]}
  placeholder={[Function String]}
>
  <mat-form-field
    class="mat-mdc-form-field mat-mdc-form-field-type-mat-input mat-form-field-no-animations mat-form-field-appearance-fill mat-primary ng-untouched ng-pristine ng-valid"
  >
    <div
      class="mat-mdc-text-field-wrapper mdc-text-field mdc-text-field--filled mdc-text-field--no-label"
    >
      <div
        class="mat-mdc-form-field-focus-overlay"
      />
      <div
        class="mat-mdc-form-field-flex"
      >
        <div
          class="mat-mdc-form-field-infix"
        >
          <input
            aria-invalid="false"
            aria-required="false"
            class="mat-mdc-input-element ng-untouched ng-pristine ng-valid mat-mdc-form-field-input-control mdc-text-field__input cdk-text-field-autofill-monitored"
            matinput=""
            placeholder="Type a text"
            type="text"
          />
        </div>
      </div>
      <div
        class="mdc-line-ripple mdc-line-ripple--deactivating"
        matformfieldlineripple=""
      />
    </div>
    <div
      class="mat-mdc-form-field-subscript-wrapper mat-mdc-form-field-bottom-align"
    >
      <div
        class="mat-mdc-form-field-hint-wrapper ng-trigger ng-trigger-transitionMessages"
        style="opacity: 1; transform: translateY(0%);"
      >
        <div
          class="mat-mdc-form-field-hint-spacer"
        />
      </div>
    </div>
  </mat-form-field>
</app-test>
`;
